// Jest Snapshot v1, https://goo.gl/fbAQLP

exports[`render a card 1`] = `
.c0 {
  border-radius: 16px;
  box-shadow: rgba(0,0,0,0.1) 0px 10px 15px -3px,rgba(0,0,0,0.05) 0px 4px 6px -2px;
  background-color: white;
  display: -webkit-box;
  display: -webkit-flex;
  display: -ms-flexbox;
  display: flex;
  -webkit-flex-direction: column;
  -ms-flex-direction: column;
  flex-direction: column;
  position: relative;
  overflow: hidden;
  height: 100%;
}

.c1 {
  padding: 16px;
  box-sizing: border-box;
}

.c2 {
  display: -webkit-box;
  display: -webkit-flex;
  display: -ms-flexbox;
  display: flex;
  -webkit-box-pack: justify;
  -webkit-justify-content: space-between;
  -ms-flex-pack: justify;
  justify-content: space-between;
  -webkit-align-items: center;
  -webkit-box-align: center;
  -ms-flex-align: center;
  align-items: center;
  margin-bottom: 8px;
}

.c3 {
  margin: 0;
  color: #333;
  font-size: 24px;
}

.c4 {
  margin-top: 0;
  color: #999;
  font-size: 18px;
}

<div
  className="c0 Card"
>
  <div
    className="c1"
  >
    <div
      className="c2"
    >
      <h3
        className="c3"
      >
        Title
      </h3>
      <div />
    </div>
    <p
      className="c4"
    >
      Sub title
    </p>
    <div>
      I am a card!
    </div>
  </div>
</div>
`;
